name	taxonomy_id	taxonomy_lvl	species.tsv_num	species.tsv_frac
Xanthomonas euvesicatoria	456327	S	853	0.92416
Plasmodium relictum	85471	S	70	0.07584
